#
# A fatal error has been detected by the Java Runtime Environment:
#
#  EXCEPTION_ACCESS_VIOLATION (0xc0000005) at pc=0x0000000069a0f1ca, pid=1860, tid=3784
#
# JRE version: 6.0_17-b04
# Java VM: Java HotSpot(TM) 64-Bit Server VM (14.3-b01 mixed mode windows-amd64 )
# Problematic frame:
# C  [m_dispatcher.dll+0xf1ca]
#
# If you would like to submit a bug report, please visit:
#   http://java.sun.com/webapps/bugreport/crash.jsp
# The crash happened outside the Java Virtual Machine in native code.
# See problematic frame for where to report the bug.
#

---------------  T H R E A D  ---------------

Current thread (0x0000000004dfb800):  JavaThread "main" [_thread_in_native, id=3784, stack(0x00000000000e0000,0x00000000040e0000)]

siginfo: ExceptionCode=0xc0000005, reading address 0xffffffffffffffff

Registers:
EAX=0x000000000ab12e50, EBX=0x0000000000000001, ECX=0x0001000200010003, EDX=0x0000000000000007
ESP=0x00000000040dcee8, EBP=0x00000000040dd3c8, ESI=0x0000000000000000, EDI=0x000000000ab12e50
EIP=0x0000000069a0f1ca, EFLAGS=0x0000000000010206

Top of Stack: (sp=0x00000000040dcee8)
0x00000000040dcee8:   0000000062358c50 0000000078d69180
0x00000000040dcef8:   0000000004dfc240 000000000032001a
0x00000000040dcf08:   0000000004bf0080 0000000000000000
0x00000000040dcf18:   0000000004bf0278 0000000000000000
0x00000000040dcf28:   000000006a70a5e0 0000000000000000
0x00000000040dcf38:   0000000062358d53 0000000000000001
0x00000000040dcf48:   0000000000000000 0000000000000001
0x00000000040dcf58:   000000006a70acf0 00000000040dcff8
0x00000000040dcf68:   0000000004bf0270 fffffffffffffffe
0x00000000040dcf78:   000000006f2ea04b 000000006a70acf0
0x00000000040dcf88:   0000000077691468 0000000077758288
0x00000000040dcf98:   0000000000000000 0000000000000010
0x00000000040dcfa8:   0000000075a876d9 0000000000000001
0x00000000040dcfb8:   0000000000000001 0000000000000001
0x00000000040dcfc8:   0000000000000000 0000000000000000
0x00000000040dcfd8:   0000000062358e72 0000000000000002 

Instructions: (pc=0x0000000069a0f1ca)
0x0000000069a0f1ba:   32 f9 01 00 48 8b 89 30 04 00 00 48 85 c9 74 1c
0x0000000069a0f1ca:   48 8b 41 28 80 b8 b8 00 00 00 00 74 06 48 85 c9 


Stack: [0x00000000000e0000,0x00000000040e0000],  sp=0x00000000040dcee8,  free space=65523k
Native frames: (J=compiled Java code, j=interpreted, Vv=VM code, C=native code)
C  [m_dispatcher.dll+0xf1ca]

Java frames: (J=compiled Java code, j=interpreted, Vv=VM code)
j  com.mathworks.jmi.NativeMatlab.SendMatlabMessage(Ljava/lang/Object;)Ljava/lang/Object;+0
j  com.mathworks.jmi.NativeMatlab.sendMatlabMessage(Ljava/lang/Object;)Ljava/lang/Object;+22
j  com.mathworks.jmi.MatlabLooper.sendMatlabMessage(Lcom/mathworks/services/message/MWMessage;)Ljava/lang/Object;+20
j  com.mathworks.jmi.Matlab.mtFevalConsoleOutput(Ljava/lang/String;[Ljava/lang/Object;I)Ljava/lang/Object;+58
j  com.mathworks.mde.desk.MLDesktop$9.run()V+14
j  com.mathworks.jmi.NativeMatlab.dispatchMTRequests(Z)V+57
v  ~StubRoutines::call_stub

---------------  P R O C E S S  ---------------

Java Threads: ( => current thread )
  0x000000000c86e800 JavaThread "Code Analyzer updating thread" [_thread_blocked, id=3692, stack(0x0000000054bd0000,0x0000000054c50000)]
  0x000000000c86d800 JavaThread "RequestQueue for GenericFileList" [_thread_blocked, id=2352, stack(0x0000000060200000,0x0000000060280000)]
  0x000000000c86d000 JavaThread "Code Analyzer updating thread" [_thread_blocked, id=4912, stack(0x0000000058cf0000,0x0000000058d70000)]
  0x000000000c86c800 JavaThread "Active Reference Queue Daemon" daemon [_thread_blocked, id=4524, stack(0x0000000054c50000,0x0000000054cd0000)]
  0x000000000beb3800 JavaThread "Timer-5" daemon [_thread_blocked, id=5072, stack(0x00000000509b0000,0x0000000050a30000)]
  0x000000000beb2000 JavaThread "Timer-4" daemon [_thread_blocked, id=5064, stack(0x000000000fe70000,0x000000000fef0000)]
  0x000000000beb0800 JavaThread "Prefs Updater" daemon [_thread_blocked, id=4344, stack(0x000000001cf30000,0x000000001cfb0000)]
  0x000000000beb0000 JavaThread "Timer-1" [_thread_blocked, id=3336, stack(0x00000000293c0000,0x0000000029440000)]
  0x000000000beaf000 JavaThread "FelixPackageAdmin" daemon [_thread_blocked, id=2080, stack(0x0000000029290000,0x0000000029310000)]
  0x000000000beae800 JavaThread "FelixStartLevel" daemon [_thread_blocked, id=4532, stack(0x0000000025100000,0x0000000025180000)]
  0x000000000bead800 JavaThread "FelixDispatchQueue" daemon [_thread_blocked, id=2628, stack(0x000000000ff30000,0x000000000ffb0000)]
  0x000000000beac000 JavaThread "TimerQueue" daemon [_thread_blocked, id=1684, stack(0x000000000e840000,0x000000000e8c0000)]
  0x000000000beab800 JavaThread "AWT-EventQueue-0" [_thread_blocked, id=3916, stack(0x000000000e540000,0x000000000e5c0000)]
  0x000000000beaa000 JavaThread "com.google.common.base.internal.Finalizer" daemon [_thread_blocked, id=2204, stack(0x000000000e3d0000,0x000000000e450000)]
  0x000000000bea8800 JavaThread "AWT-Windows" daemon [_thread_in_native, id=288, stack(0x000000000e320000,0x000000000e3a0000)]
  0x000000000bea8000 JavaThread "AWT-Shutdown" [_thread_blocked, id=2220, stack(0x000000000e050000,0x000000000e0d0000)]
  0x000000000bea7000 JavaThread "Java2D Disposer" daemon [_thread_blocked, id=4724, stack(0x000000000e170000,0x000000000e1f0000)]
  0x000000000bea6800 JavaThread "Timer-0" [_thread_blocked, id=3676, stack(0x000000000dfc0000,0x000000000e040000)]
  0x000000000bea5800 JavaThread "JMI Unnamed Thread" [_thread_in_native, id=3084, stack(0x0000000014ea0000,0x0000000018ea0000)]
  0x000000000bea5000 JavaThread "Low Memory Detector" daemon [_thread_blocked, id=3100, stack(0x000000000c0f0000,0x000000000c170000)]
  0x000000000bebd800 JavaThread "CompilerThread1" daemon [_thread_blocked, id=4688, stack(0x0000000080000000,0x0000000084000000)]
  0x000000000beb4000 JavaThread "CompilerThread0" daemon [_thread_blocked, id=2136, stack(0x0000000058e60000,0x000000005ce60000)]
  0x000000000bea4000 JavaThread "Attach Listener" daemon [_thread_blocked, id=5044, stack(0x000000000c330000,0x000000000c3b0000)]
  0x0000000004ebb000 JavaThread "Finalizer" daemon [_thread_blocked, id=4148, stack(0x000000000c280000,0x000000000c300000)]
  0x000000000be63800 JavaThread "Reference Handler" daemon [_thread_blocked, id=4152, stack(0x000000000c020000,0x000000000c0a0000)]
=>0x0000000004dfb800 JavaThread "main" [_thread_in_native, id=3784, stack(0x00000000000e0000,0x00000000040e0000)]

Other Threads:
  0x000000000be61800 VMThread [stack: 0x0000000054cf0000,0x0000000058cf0000] [id=4256]
  0x000000000bef0000 WatcherThread [stack: 0x0000000084070000,0x0000000088070000] [id=1264]

VM state:not at safepoint (normal execution)

VM Mutex/Monitor currently owned by a thread: None

Heap
 PSYoungGen      total 32064K, used 15026K [0x0000000049860000, 0x000000004c480000, 0x000000004c960000)
  eden space 26240K, 35% used [0x0000000049860000,0x000000004a15fc38,0x000000004b200000)
  from space 5824K, 99% used [0x000000004b2c0000,0x000000004b86ce20,0x000000004b870000)
  to   space 9472K, 0% used [0x000000004bb40000,0x000000004bb40000,0x000000004c480000)
 PSOldGen        total 71488K, used 43526K [0x0000000040560000, 0x0000000044b30000, 0x0000000049860000)
  object space 71488K, 60% used [0x0000000040560000,0x0000000042fe1a58,0x0000000044b30000)
 PSPermGen       total 103168K, used 59806K [0x0000000038560000, 0x000000003ea20000, 0x0000000040560000)
  object space 103168K, 57% used [0x0000000038560000,0x000000003bfc7a10,0x000000003ea20000)

Dynamic libraries:
0x000000013fe00000 - 0x000000013fe29000 	C:\Program Files\MATLAB\R2011b\bin\win64\MATLAB.exe
0x0000000077640000 - 0x00000000777ec000 	C:\Windows\SYSTEM32\ntdll.dll
0x0000000077420000 - 0x000000007753f000 	C:\Windows\system32\kernel32.dll
0x000007fefd900000 - 0x000007fefd96b000 	C:\Windows\system32\KERNELBASE.dll
0x0000000074460000 - 0x0000000074563000 	C:\Program Files\MATLAB\R2011b\bin\win64\libut.dll
0x00000000758a0000 - 0x0000000075944000 	C:\Program Files\MATLAB\R2011b\bin\win64\libmwi18n.dll
0x0000000180000000 - 0x000000018000b000 	C:\Program Files\MATLAB\R2011b\bin\win64\libmwresource_core.dll
0x000000006f1f0000 - 0x000000006f2c3000 	C:\Windows\WinSxS\amd64_microsoft.vc90.crt_1fc8b3b9a1e18e3b_9.0.30729.4926_none_08e1a05ba83fe554\MSVCP90.dll
0x000000006f2d0000 - 0x000000006f36d000 	C:\Windows\WinSxS\amd64_microsoft.vc90.crt_1fc8b3b9a1e18e3b_9.0.30729.4926_none_08e1a05ba83fe554\MSVCR90.dll
0x000000007a170000 - 0x000000007a19c000 	C:\Program Files\MATLAB\R2011b\bin\win64\boost_filesystem-vc90-mt-1_44.dll
0x000000007a560000 - 0x000000007a569000 	C:\Program Files\MATLAB\R2011b\bin\win64\boost_system-vc90-mt-1_44.dll
0x000007fefda40000 - 0x000007fefdb1b000 	C:\Windows\system32\ADVAPI32.dll
0x000007feff590000 - 0x000007feff62f000 	C:\Windows\system32\msvcrt.dll
0x000007feff930000 - 0x000007feff94f000 	C:\Windows\SYSTEM32\sechost.dll
0x000007fefdde0000 - 0x000007fefdf0e000 	C:\Windows\system32\RPCRT4.dll
0x000000007a010000 - 0x000000007a035000 	C:\Program Files\MATLAB\R2011b\bin\win64\LIBEXPAT.dll
0x0000000069ab0000 - 0x0000000069ca1000 	C:\Program Files\MATLAB\R2011b\bin\win64\icuin44.dll
0x0000000069d30000 - 0x0000000069ea1000 	C:\Program Files\MATLAB\R2011b\bin\win64\icuuc44.dll
0x0000000010000000 - 0x0000000010e41000 	C:\Program Files\MATLAB\R2011b\bin\win64\icudt44.dll
0x0000000073f70000 - 0x00000000740b5000 	C:\Program Files\MATLAB\R2011b\bin\win64\libmwfl.dll
0x000000007a350000 - 0x000000007a556000 	C:\Program Files\MATLAB\R2011b\bin\win64\libmwMATLAB_res.dll
0x0000000004270000 - 0x0000000004280000 	C:\Program Files\MATLAB\R2011b\bin\win64\boost_date_time-vc90-mt-1_44.dll
0x000000007a250000 - 0x000000007a263000 	C:\Program Files\MATLAB\R2011b\bin\win64\boost_signals-vc90-mt-1_44.dll
0x000000007a2d0000 - 0x000000007a2e2000 	C:\Program Files\MATLAB\R2011b\bin\win64\boost_thread-vc90-mt-1_44.dll
0x00000000042b0000 - 0x00000000042f6000 	C:\Program Files\MATLAB\R2011b\bin\win64\tbb.dll
0x000007feff1b0000 - 0x000007feff1c9000 	C:\Windows\system32\imagehlp.dll
0x0000000077810000 - 0x0000000077817000 	C:\Windows\system32\PSAPI.DLL
0x0000000069f80000 - 0x0000000069f93000 	C:\Program Files\MATLAB\R2011b\bin\win64\icuio44.dll
0x000007fefb1b0000 - 0x000007fefb2d5000 	C:\Windows\system32\dbghelp.dll
0x0000000077540000 - 0x000000007763a000 	C:\Windows\system32\USER32.dll
0x000007fefdc50000 - 0x000007fefdcb7000 	C:\Windows\system32\GDI32.dll
0x000007feff3f0000 - 0x000007feff3fe000 	C:\Windows\system32\LPK.dll
0x000007fefd970000 - 0x000007fefda3a000 	C:\Windows\system32\USP10.dll
0x000000007bed0000 - 0x000000007c148000 	C:\Program Files\MATLAB\R2011b\bin\win64\libmwservices.dll
0x0000000075a20000 - 0x0000000075ad5000 	C:\Program Files\MATLAB\R2011b\bin\win64\libmx.dll
0x000000007a210000 - 0x000000007a228000 	C:\Program Files\MATLAB\R2011b\bin\win64\zlib1.dll
0x0000000074330000 - 0x0000000074453000 	C:\Program Files\MATLAB\R2011b\bin\win64\libmwmathutil.dll
0x0000000075f10000 - 0x0000000075f5d000 	C:\Program Files\MATLAB\R2011b\bin\win64\mpath.dll
0x000000007b680000 - 0x000000007bb4d000 	C:\Program Files\MATLAB\R2011b\bin\win64\mlutil.dll
0x0000000069cb0000 - 0x0000000069d2f000 	C:\Program Files\MATLAB\R2011b\bin\win64\xmlcore.dll
0x000000007bc30000 - 0x000000007be83000 	C:\Program Files\MATLAB\R2011b\bin\win64\xerces-c_2_7.dll
0x000007feff6d0000 - 0x000007feff71d000 	C:\Windows\system32\WS2_32.dll
0x000007feff3e0000 - 0x000007feff3e8000 	C:\Windows\system32\NSI.dll
0x00000000043a0000 - 0x00000000043b6000 	C:\Program Files\MATLAB\R2011b\bin\win64\libmwsettings_res.dll
0x00000000043d0000 - 0x0000000004417000 	C:\Program Files\MATLAB\R2011b\bin\win64\boost_serialization-vc90-mt-1_44.dll
0x000007fefe3d0000 - 0x000007feff156000 	C:\Windows\system32\SHELL32.dll
0x000007fefdd60000 - 0x000007fefddd1000 	C:\Windows\system32\SHLWAPI.dll
0x000007fefd7c0000 - 0x000007fefd860000 	C:\Windows\WinSxS\amd64_microsoft.windows.common-controls_6595b64144ccf1df_5.82.7600.16385_none_a44af8ec57f961cf\COMCTL32.dll
0x000007fefdcc0000 - 0x000007fefdd58000 	C:\Windows\system32\COMDLG32.dll
0x000007fefb330000 - 0x000007fefb346000 	C:\Windows\system32\NETAPI32.dll
0x000007fefb320000 - 0x000007fefb32c000 	C:\Windows\system32\netutils.dll
0x000007fefd0e0000 - 0x000007fefd103000 	C:\Windows\system32\srvcli.dll
0x000007fefb300000 - 0x000007fefb315000 	C:\Windows\system32\wkscli.dll
0x000007feff1d0000 - 0x000007feff3d1000 	C:\Windows\system32\ole32.dll
0x000007fefe090000 - 0x000007fefe167000 	C:\Windows\system32\OLEAUT32.dll
0x0000000074970000 - 0x0000000074a41000 	C:\Program Files\MATLAB\R2011b\bin\win64\mcr.dll
0x0000000075000000 - 0x0000000075324000 	C:\Program Files\MATLAB\R2011b\bin\win64\iqm.dll
0x0000000062290000 - 0x0000000062a60000 	C:\Program Files\MATLAB\R2011b\bin\win64\m_interpreter.dll
0x0000000069fa0000 - 0x0000000069fb5000 	C:\Program Files\MATLAB\R2011b\bin\win64\libmex.dll
0x0000000069a00000 - 0x0000000069aae000 	C:\Program Files\MATLAB\R2011b\bin\win64\m_dispatcher.dll
0x0000000074880000 - 0x000000007496d000 	C:\Program Files\MATLAB\R2011b\bin\win64\boost_regex-vc90-mt-1_44.dll
0x0000000069970000 - 0x00000000699f4000 	C:\Program Files\MATLAB\R2011b\bin\win64\profiler.dll
0x0000000079f40000 - 0x0000000079f73000 	C:\Program Files\MATLAB\R2011b\bin\win64\libmwmathrng.dll
0x0000000074c10000 - 0x0000000074cea000 	C:\Program Files\MATLAB\R2011b\bin\win64\libmwmathcore.dll
0x0000000076160000 - 0x00000000761cb000 	C:\Program Files\MATLAB\R2011b\bin\win64\libmwspmatrix.dll
0x0000000075ea0000 - 0x0000000075f02000 	C:\Program Files\MATLAB\R2011b\bin\win64\libmwcholmod.dll
0x00000000044e0000 - 0x00000000044ed000 	C:\Program Files\MATLAB\R2011b\bin\win64\libmwamd.dll
0x0000000004500000 - 0x000000000450c000 	C:\Program Files\MATLAB\R2011b\bin\win64\libmwcolamd.dll
0x0000000069950000 - 0x0000000069969000 	C:\Program Files\MATLAB\R2011b\bin\win64\libmwblas.dll
0x0000000069930000 - 0x0000000069942000 	C:\Program Files\MATLAB\R2011b\bin\win64\libmwbinder.dll
0x000000006ba40000 - 0x000000006ba4b000 	C:\Program Files\MATLAB\R2011b\bin\win64\libmwompwrapper.dll
0x00000000698a0000 - 0x0000000069922000 	C:\Program Files\MATLAB\R2011b\bin\win64\libmwlapack.dll
0x0000000069870000 - 0x0000000069891000 	C:\Program Files\MATLAB\R2011b\bin\win64\m_pcodeio.dll
0x0000000079b10000 - 0x0000000079b77000 	C:\Program Files\MATLAB\R2011b\bin\win64\m_ir.dll
0x0000000069230000 - 0x0000000069870000 	C:\Program Files\MATLAB\R2011b\bin\win64\m_parser.dll
0x0000000069210000 - 0x000000006922a000 	C:\Program Files\MATLAB\R2011b\bin\win64\ir_xfmr.dll
0x0000000068f80000 - 0x0000000069205000 	C:\Program Files\MATLAB\R2011b\bin\win64\mcos.dll
0x0000000073db0000 - 0x0000000073dbc000 	C:\Program Files\MATLAB\R2011b\bin\win64\mtok.dll
0x0000000068f40000 - 0x0000000068f71000 	C:\Program Files\MATLAB\R2011b\bin\win64\m_pcodegen.dll
0x0000000079fb0000 - 0x0000000079fe5000 	C:\Program Files\MATLAB\R2011b\bin\win64\libmwbridge.dll
0x0000000068e70000 - 0x0000000068f38000 	C:\Program Files\MATLAB\R2011b\bin\win64\udd.dll
0x0000000068d20000 - 0x0000000068e67000 	C:\Program Files\MATLAB\R2011b\bin\win64\libmwgui.dll
0x0000000068d00000 - 0x0000000068d17000 	C:\Program Files\MATLAB\R2011b\bin\win64\graphics_util.dll
0x00000000618e0000 - 0x0000000062290000 	C:\Program Files\MATLAB\R2011b\bin\win64\hg.dll
0x0000000076100000 - 0x0000000076158000 	C:\Program Files\MATLAB\R2011b\bin\win64\libmat.dll
0x0000000072d30000 - 0x0000000072f44000 	C:\Program Files\MATLAB\R2011b\bin\win64\hdf5dll.dll
0x0000000075710000 - 0x000000007579d000 	C:\Program Files\MATLAB\R2011b\bin\win64\jmi.dll
0x0000000004650000 - 0x000000000465e000 	C:\Program Files\MATLAB\R2011b\bin\win64\nativejava_services.dll
0x0000000064f10000 - 0x0000000064f53000 	C:\Program Files\MATLAB\R2011b\bin\win64\libmwhardcopy.dll
0x0000000064d40000 - 0x0000000064da3000 	C:\Program Files\MATLAB\R2011b\bin\win64\libuij.dll
0x0000000064b30000 - 0x0000000064d37000 	C:\Program Files\MATLAB\R2011b\bin\win64\hgdatatypes.dll
0x0000000064a30000 - 0x0000000064b29000 	C:\Program Files\MATLAB\R2011b\bin\win64\hgutils.dll
0x0000000064970000 - 0x0000000064a2d000 	C:\Program Files\MATLAB\R2011b\bin\win64\udd_mi.dll
0x00000000046c0000 - 0x0000000004989000 	C:\Program Files\MATLAB\R2011b\bin\win64\uiw.dll
0x0000000068cf0000 - 0x0000000068cff000 	C:\Program Files\MATLAB\R2011b\bin\win64\uinone.dll
0x000007fefa320000 - 0x000007fefa338000 	C:\Windows\system32\MPR.dll
0x0000000060a30000 - 0x0000000060f14000 	C:\Windows\WinSxS\amd64_microsoft.vc90.mfc_1fc8b3b9a1e18e3b_9.0.30729.4148_none_04480933ab2137b1\mfc90.dll
0x000007fef9320000 - 0x000007fef9327000 	C:\Windows\system32\MSIMG32.dll
0x000007fefb500000 - 0x000007fefb570000 	C:\Windows\system32\WINSPOOL.DRV
0x0000000064ee0000 - 0x0000000064f01000 	C:\Program Files\MATLAB\R2011b\bin\win64\mwoles05.DLL
0x0000000064720000 - 0x0000000064795000 	C:\Program Files\MATLAB\R2011b\bin\win64\comcli.dll
0x000000006fb40000 - 0x000000006fb6f000 	C:\Windows\WinSxS\amd64_microsoft.vc90.atl_1fc8b3b9a1e18e3b_9.0.30729.4148_none_0a1d2fcba76b3f00\ATL90.DLL
0x0000000069f70000 - 0x0000000069f7c000 	C:\Program Files\MATLAB\R2011b\bin\win64\mlautoregister.dll
0x00000000049e0000 - 0x00000000049f0000 	C:\Program Files\MATLAB\R2011b\bin\win64\boost_iostreams-vc90-mt-1_44.dll
0x000007fefd370000 - 0x000007fefd3c7000 	C:\Windows\system32\apphelp.dll
0x000007fef2c80000 - 0x000007fef2cd1000 	C:\Windows\AppPatch\AppPatch64\AcGenral.DLL
0x000007fefd340000 - 0x000007fefd365000 	C:\Windows\system32\SspiCli.dll
0x000000006d5c0000 - 0x000000006d5c3000 	C:\Windows\system32\sfc.dll
0x000007fef6110000 - 0x000007fef6120000 	C:\Windows\system32\sfc_os.DLL
0x000007fefc840000 - 0x000007fefc85e000 	C:\Windows\system32\USERENV.dll
0x000007fefd5a0000 - 0x000007fefd5af000 	C:\Windows\system32\profapi.dll
0x000007fefb880000 - 0x000007fefb898000 	C:\Windows\system32\dwmapi.dll
0x000007feff900000 - 0x000007feff92e000 	C:\Windows\system32\IMM32.DLL
0x000007feff480000 - 0x000007feff589000 	C:\Windows\system32\MSCTF.dll
0x000007fefbc50000 - 0x000007fefbca6000 	C:\Windows\system32\UxTheme.dll
0x000000006fb70000 - 0x000000006fb7d000 	C:\Windows\WinSxS\amd64_microsoft.vc90.mfcloc_1fc8b3b9a1e18e3b_9.0.30729.4148_none_01c6b44660ce74c3\MFC90ENU.DLL
0x0000000004b70000 - 0x0000000004b99000 	C:\Program Files\MATLAB\R2011b\bin\win64\tbbmalloc.dll
0x0000000004bc0000 - 0x0000000004bc6000 	C:\Program Files\ESET\ESET Smart Security\eplgHooks.dll
0x000007fefaf90000 - 0x000007fefafb7000 	C:\Windows\system32\iphlpapi.dll
0x000007fefaf80000 - 0x000007fefaf8b000 	C:\Windows\system32\WINNSI.DLL
0x000007fefcb80000 - 0x000007fefcbdb000 	C:\Windows\system32\DNSAPI.dll
0x000007fefae00000 - 0x000007fefae18000 	C:\Windows\system32\dhcpcsvc.DLL
0x000007fefade0000 - 0x000007fefadf1000 	C:\Windows\system32\dhcpcsvc6.DLL
0x0000000073e30000 - 0x0000000073e33000 	C:\Windows\system32\icmp.Dll
0x000007fefd590000 - 0x000007fefd59f000 	C:\Windows\system32\CRYPTBASE.dll
0x000007fefd880000 - 0x000007fefd8b6000 	C:\Windows\system32\CFGMGR32.dll
0x000007feff630000 - 0x000007feff6c9000 	C:\Windows\system32\CLBCatQ.DLL
0x000007fefc6b0000 - 0x000007fefc6bc000 	C:\Windows\system32\version.dll

VM Arguments:
jvm_args: -Xss512k -XX:PermSize=32m -Xms64m -XX:NewRatio=3 -XX:MaxPermSize=128m -Xmx196m -XX:MaxDirectMemorySize=2147400000 -Dsun.java2d.noddraw=true -Dsun.awt.nopixfmt=true -Xshare:off -Xrs -Dsun.awt.disableMixing=true -Djava.library.path=C:\Program Files\MATLAB\R2011b\bin\win64 vfprintf abort 
java_command: <unknown>
Launcher Type: generic

Environment Variables:
PATH=C:\Program Files\MATLAB\R2011b\bin\win64;C:\Program Files (x86)\NVIDIA Corporation\PhysX\Common;C:\watcom-1.3\binnt;C:\watcom-1.3\binw;C:\Program Files (x86)\Silverfrost\FTN95;C:\Windows\system32;C:\Windows;C:\Windows\System32\Wbem;C:\Windows\System32\WindowsPowerShell\v1.0\;C:\Program Files\WIDCOMM\Bluetooth Software\;C:\Program Files\WIDCOMM\Bluetooth Software\syswow64;c:\Program Files (x86)\ATI Technologies\ATI.ACE\Core-Static;C:\Program Files (x86)\Common Files\Roxio Shared\10.0\DLLShared\;C:\Program Files (x86)\Common Files\Roxio Shared\DLLShared\;c:\Program Files (x86)\Microsoft SQL Server\90\Tools\binn\;C:\Program Files\MATLAB\R2011b\runtime\win64;C:\Program Files\MATLAB\R2011b\bin;C:\Program Files\MATLAB\MATLAB Compiler Runtime\v716\runtime\win64
USERNAME=nike
OS=Windows_NT
PROCESSOR_IDENTIFIER=Intel64 Family 6 Model 23 Stepping 10, GenuineIntel



---------------  S Y S T E M  ---------------

OS: Windows 7 Build 7600 

CPU:total 2 (2 cores per cpu, 1 threads per core) family 6 model 23 stepping 10, cmov, cx8, fxsr, mmx, sse, sse2, sse3, ssse3, sse4.1

Memory: 4k page, physical 3142688k(1620004k free), swap 6283480k(3988992k free)

vm_info: Java HotSpot(TM) 64-Bit Server VM (14.3-b01) for windows-amd64 JRE (1.6.0_17-b04), built on Oct 11 2009 00:46:08 by "java_re" with MS VC++ 8.0

time: Sat Feb 15 23:04:56 2014
elapsed time: 400 seconds

